teste 
teset
tessasa 2
  (use "git add/rm <file>..." to update what will be committed)
  (use "git restore <file>..." to discard changes in working directory)
        deleted:    Texto adriano - Copia.txt
        deleted:    Texto adriano.txt

no changes added to commit (use "git add" and/or "git commit -a")

Aluno-32@WillianMedeiros MINGW64 ~/documents/_git/aula (main)
$ git add .

Aluno-32@WillianMedeiros MINGW64 ~/documents/_git/aula (main)
$ git remote add origin
usage: git remote add [<options>] <name> <url>

    -f, --fetch           fetch the remote branches
    --tags                import all tags and associated objects when fetching
                          or do not fetch any tag at all (--no-tags)
    -t, --track <branch>  branch(es) to track
    -m, --master <branch>
                          master branch
    --mirror[=(push|fetch)]
                          set up remote as a mirror to push to or fetch from


Aluno-32@WillianMedeiros MINGW64 ~/documents/_git/aula (main)
$ git push -u origin main
Enumerating objects: 6, done.
Counting objects: 100% (6/6), done.
Delta compression using up to 8 threads
Compressing objects: 100% (4/4), done.
Writing objects: 100% (5/5), 502 bytes | 71.00 KiB/s, done.
Total 5 (delta 1), reused 0 (delta 0), pack-reused 0
remote: Resolving deltas: 100% (1/1), done.
To https://github.com/adrianomb2014/aula.git
   697e79b..0a4522f  main -> main
Branch 'main' set up to track remote branch 'main' from 'origin'.

Aluno-32@WillianMedeiros MINGW64 ~/documents/_git/aula (main)
$ git status
On branch main
Your branch is up to date with 'origin/main'.

Changes to be committed:
  (use "git restore --staged <file>..." to unstage)
        deleted:    Texto adriano - Copia.txt
        deleted:    Texto adriano.txt

Untracked files:
  (use "git add <file>..." to include in what will be committed)
        Texto adriano.txt


Aluno-32@WillianMedeiros MINGW64 ~/documents/_git/aula (main)
$ git add .

Aluno-32@WillianMedeiros MINGW64 ~/documents/_git/aula (main)
$ git remote add origin
usage: git remote add [<options>] <name> <url>

    -f, --fetch           fetch the remote branches
    --tags                import all tags and associated objects when fetching
                          or do not fetch any tag at all (--no-tags)
    -t, --track <branch>  branch(es) to track
    -m, --master <branch>
                          master branch
    --mirror[=(push|fetch)]
                          set up remote as a mirror to push to or fetch from


Aluno-32@WillianMedeiros MINGW64 ~/documents/_git/aula (main)
$ git push -u origin main
